[Licensing::Module] Trying to connect to existing licensing client channel...
Built from '6000.3/staging' branch; Version is '6000.3.10f1 (e35f0c77bd8e) revision 14901004'; Using compiler version '194234433'; Build Type 'Release'
OS: 'Windows 11  (10.0.26200) CoreSingleLanguage' Language: 'en' Physical Memory: 15773 MB
BatchMode: 1, IsHumanControllingUs: 0, StartBugReporterOnCrash: 0, Is64bit: 1
System  architecture: x64
[Licensing::IpcConnector] Successfully connected to: "LicenseClient-yasha" at "2026-06-07T09:38:45.0440319Z"
Process architecture: x64
Date: 2026-06-07T09:38:45Z

COMMAND LINE ARGUMENTS:
D:\Unity\6000.3.10f1\Editor\Unity.exe
-adb2
-batchMode
-noUpm
-name
AssetImportWorker3
-projectPath
D:/Unity/Projects/Survival-shooter-unity-save
-logFile
Logs/AssetImportWorker3.log
-srvPort
57495
-licensingIpc
LicenseClient-yasha
-job-worker-count
7
-background-job-worker-count
8
-gc-helper-count
1
-name
AssetImport
Successfully changed project path to: D:/Unity/Projects/Survival-shooter-unity-save
D:/Unity/Projects/Survival-shooter-unity-save
[UnityMemory] Configuration Parameters - Can be set up in boot.config
    "memorysetup-temp-allocator-size-nav-mesh-worker=65536"
    "memorysetup-temp-allocator-size-audio-worker=65536"
    "memorysetup-temp-allocator-size-gfx=262144"
    "memorysetup-allocator-temp-initial-block-size-main=262144"
    "memorysetup-allocator-temp-initial-block-size-worker=262144"
    "memorysetup-temp-allocator-size-background-worker=32768"
    "memorysetup-temp-allocator-size-job-worker=262144"
    "memorysetup-temp-allocator-size-preload-manager=33554432"
    "memorysetup-temp-allocator-size-gi-baking-worker=262144"
    "memorysetup-temp-allocator-size-gi-baking-worker=262144"
    "memorysetup-temp-allocator-size-gi-baking-worker=262144"
    "memorysetup-temp-allocator-size-gi-baking-worker=262144"
    "memorysetup-temp-allocator-size-gi-baking-worker=262144"
    "memorysetup-bucket-allocator-granularity=16"
    "memorysetup-bucket-allocator-bucket-count=8"
    "memorysetup-bucket-allocator-block-size=33554432"
    "memorysetup-bucket-allocator-block-count=8"
    "memorysetup-main-allocator-block-size=16777216"
    "memorysetup-thread-allocator-block-size=16777216"
    "memorysetup-gfx-main-allocator-block-size=16777216"
    "memorysetup-gfx-thread-allocator-block-size=16777216"
    "memorysetup-cache-allocator-block-size=4194304"
    "memorysetup-typetree-allocator-block-size=2097152"
    "memorysetup-profiler-bucket-allocator-granularity=16"
    "memorysetup-profiler-bucket-allocator-bucket-count=8"
    "memorysetup-profiler-bucket-allocator-block-size=33554432"
    "memorysetup-profiler-bucket-allocator-block-count=8"
    "memorysetup-profiler-allocator-block-size=16777216"
    "memorysetup-profiler-editor-allocator-block-size=1048576"
    "memorysetup-temp-allocator-size-main=16777216"
    "memorysetup-job-temp-allocator-block-size=2097152"
    "memorysetup-job-temp-allocator-block-size-background=1048576"
    "memorysetup-job-temp-allocator-reduction-small-platforms=262144"
    "memorysetup-temp-allocator-size-cloud-worker=32768"
Player connection [29708]  Target information:

Player connection [29708]  * "[IP] 192.168.42.228 [Port] 0 [Flags] 2 [Guid] 3601147464 [EditorId] 3601147464 [Version] 1048832 [Id] WindowsEditor(7,Peanut_pad) [Debug] 1 [PackageName] WindowsEditor [ProjectName] Editor" 

Player connection [29708]  * "[IP] 26.230.82.23 [Port] 0 [Flags] 2 [Guid] 3601147464 [EditorId] 3601147464 [Version] 1048832 [Id] WindowsEditor(7,Peanut_pad) [Debug] 1 [PackageName] WindowsEditor [ProjectName] Editor" 

Player connection [29708] Host joined multi-casting on [225.0.0.222:54997]...
Player connection [29708] Host joined alternative multi-casting on [225.0.0.222:34997]...
JobSystem: Creating JobQueue using job-worker-count value 7
Input System module state changed to: Initialized.
[Physics::Module] Initialized fallback backend.
[Physics::Module] Id: 0xdecafbad
Library Redirect Path: Library/
[Physics::Module] Selected backend.
[Physics::Module] Name: PhysX
[Physics::Module] Id: 0xf2b8ea05
[Physics::Module] SDK Version: 4.1.2
[Physics::Module] Integration Version: 1.0.0
[Physics::Module] Threading Mode: Multi-Threaded
Refreshing native plugins compatible for Editor in 0.00 ms, found 0 plugins.
Preloading 0 native plugins for Editor in 0.00 ms.
Initialize engine version: 6000.3.10f1 (e35f0c77bd8e)
[Subsystems] Discovering subsystems at path D:/Unity/6000.3.10f1/Editor/Data/Resources/UnitySubsystems
[Subsystems] Discovering subsystems at path D:/Unity/Projects/Survival-shooter-unity-save/Assets
GfxDevice: creating device client; kGfxThreadingModeNonThreaded
Direct3D:
    Version:  Direct3D 11.0 [level 11.1]
    Renderer: NVIDIA GeForce RTX 3060 Laptop GPU (ID=0x2520)
    Vendor:   NVIDIA
    VRAM:     5994 MB
    Driver:   32.0.15.9186
Initialize mono
Mono path[0] = 'D:/Unity/6000.3.10f1/Editor/Data/Managed'
Mono path[1] = 'D:/Unity/6000.3.10f1/Editor/Data/MonoBleedingEdge/lib/mono/unityjit-win32'
Mono config path = 'D:/Unity/6000.3.10f1/Editor/Data/MonoBleedingEdge/etc'
Using monoOptions --debugger-agent=transport=dt_socket,embedding=1,server=y,suspend=n,address=127.0.0.1:56256
Begin MonoManager ReloadAssembly
Registering precompiled unity dll's ...
Register platform support module: D:/Unity/6000.3.10f1/Editor/Data/PlaybackEngines/WebGLSupport/UnityEditor.WebGL.Extensions.dll
Register platform support module: D:/Unity/6000.3.10f1/Editor/Data/PlaybackEngines/WindowsStandaloneSupport/UnityEditor.WindowsStandalone.Extensions.dll
[Licensing::Module] Licensing is not yet initialized.
[Licensing::Client] Error: HandshakeResponse reported an error:
	ResponseCode: 505
	ResponseStatus: Unsupported protocol version '1.17.4'.
[Licensing::Module] Error: Failed to handshake to channel: "LicenseClient-yasha"
[Licensing::IpcConnector] LicenseClient-yasha channel disconnected successfully.
[Licensing::IpcConnector] Successfully connected to: "LicenseClient-yasha-6000.3.10" at "2026-06-07T09:38:46.3483192Z"
[Licensing::Client] Handshaking with LicensingClient:
  Version:                 1.17.4+4293ba1
  Session Id:              f9520919f87940e7ae6573c48e39b8dc
  Correlation Id:          6f522de4f5a7e5ec60d96bf1f3e622ab
  External correlation Id: 7831177013306193382
  Machine Id:              VpCCM3Iu0+gZoEWz33QKklhIzVc=
[Licensing::Module] Successfully connected to LicensingClient on channel: "LicenseClient-yasha-6000.3.10" (connect: 0.00s, validation: 0.00s, handshake: 1.08s)
[Licensing::IpcConnector] Successfully connected to: "LicenseClient-yasha-6000.3.10-notifications" at "2026-06-07T09:38:47.4307263Z"
[Licensing::Module] Licensing Background thread has ended after 2.39s
[Licensing::Module] Licensing is initialized (took 1.30s).
[Licensing::Client] Successfully resolved entitlement details
[Licensing::Module] License group:
  Id: 13469418475216-UnityPersXXXX
  Product: Unity Personal
  Type: Assigned
  Expiration: Unlimited
Register platform support module: D:/Unity/6000.3.10f1/Editor/Data/PlaybackEngines/MetroSupport/UnityEditor.UWP.Extensions.dll
[Licensing::Client] Successfully resolved entitlement details
Register platform support module: D:/Unity/6000.3.10f1/Editor/Data/PlaybackEngines/AndroidPlayer/UnityEditor.Android.Extensions.dll
Registered in 1.303714 seconds.
- Loaded All Assemblies, in  1.774 seconds
Native extension for Android target not found
Android Extension - Scanning For ADB Devices 254 ms
Native extension for UWP target not found
Native extension for WindowsStandalone target not found
Native extension for WebGL target not found
ScheduleIndexationOnStartup MainProcess:False IndexOnStartup:True
Mono: successfully reloaded assembly
- Finished resetting the current domain, in  0.754 seconds
Domain Reload Profiling: 2527ms
	BeginReloadAssembly (173ms)
		ExecutionOrderSort (0ms)
		DisableScriptedObjects (0ms)
		BackupInstance (0ms)
		ReleaseScriptingObjects (0ms)
		CreateAndSetChildDomain (1ms)
	RebuildCommonClasses (40ms)
	RebuildNativeTypeToScriptingClass (13ms)
	initialDomainReloadingComplete (1347ms)
	LoadAllAssembliesAndSetupDomain (200ms)
		LoadAssemblies (172ms)
		RebuildTransferFunctionScriptingTraits (0ms)
		AnalyzeDomain (194ms)
			TypeCache.Refresh (193ms)
				TypeCache.ScanAssembly (179ms)
			BuildScriptInfoCaches (0ms)
			ResolveRequiredComponents (1ms)
	FinalizeReload (754ms)
		ReleaseScriptCaches (0ms)
		RebuildScriptCaches (0ms)
		SetupLoadedEditorAssemblies (715ms)
			LogAssemblyErrors (0ms)
			InitializePlatformSupportModulesInManaged (388ms)
			SetLoadedEditorAssemblies (5ms)
			BeforeProcessingInitializeOnLoad (96ms)
			ProcessInitializeOnLoadAttributes (160ms)
			ProcessInitializeOnLoadMethodAttributes (66ms)
			AfterProcessingInitializeOnLoad (0ms)
			EditorAssembliesLoaded (0ms)
		ExecutionOrderSort2 (0ms)
		AwakeInstancesAfterBackupRestoration (0ms)
========================================================================
Worker process is ready to serve import requests
Import Worker Mode flag is 0x00
Begin MonoManager ReloadAssembly
[Licensing::Client] Successfully resolved entitlement details
- Loaded All Assemblies, in  0.335 seconds
Refreshing native plugins compatible for Editor in 0.00 ms, found 0 plugins.
Native extension for Android target not found
Native extension for UWP target not found
Native extension for WindowsStandalone target not found
Native extension for WebGL target not found
ScheduleIndexationOnStartup MainProcess:False IndexOnStartup:True
Mono: successfully reloaded assembly
- Finished resetting the current domain, in  0.420 seconds
Domain Reload Profiling: 755ms
	BeginReloadAssembly (224ms)
		ExecutionOrderSort (0ms)
		DisableScriptedObjects (6ms)
		BackupInstance (0ms)
		ReleaseScriptingObjects (0ms)
		CreateAndSetChildDomain (38ms)
	RebuildCommonClasses (39ms)
	RebuildNativeTypeToScriptingClass (13ms)
	initialDomainReloadingComplete (18ms)
	LoadAllAssembliesAndSetupDomain (41ms)
		LoadAssemblies (147ms)
		RebuildTransferFunctionScriptingTraits (0ms)
		AnalyzeDomain (30ms)
			TypeCache.Refresh (21ms)
				TypeCache.ScanAssembly (14ms)
			BuildScriptInfoCaches (5ms)
			ResolveRequiredComponents (2ms)
	FinalizeReload (421ms)
		ReleaseScriptCaches (0ms)
		RebuildScriptCaches (0ms)
		SetupLoadedEditorAssemblies (314ms)
			LogAssemblyErrors (0ms)
			InitializePlatformSupportModulesInManaged (22ms)
			SetLoadedEditorAssemblies (5ms)
			BeforeProcessingInitializeOnLoad (111ms)
			ProcessInitializeOnLoadAttributes (135ms)
			ProcessInitializeOnLoadMethodAttributes (39ms)
			AfterProcessingInitializeOnLoad (2ms)
			EditorAssembliesLoaded (0ms)
		ExecutionOrderSort2 (0ms)
		AwakeInstancesAfterBackupRestoration (5ms)
Launched and connected shader compiler UnityShaderCompiler.exe after 0.01 seconds
Refreshing native plugins compatible for Editor in 0.00 ms, found 0 plugins.
Preloading 0 native plugins for Editor in 0.00 ms.
Unloading 4 Unused Serialized files (Serialized files now loaded: 0)
Unloading 511 unused Assets / (403.0 KB). Loaded Objects now: 1148.
Memory consumption went from 72.1 MB to 71.7 MB.
Total: 8.322300 ms (FindLiveObjects: 0.219000 ms CreateObjectMapping: 0.043400 ms MarkObjects: 7.788500 ms  DeleteObjects: 0.270000 ms)

========================================================================
Received Prepare
Begin MonoManager ReloadAssembly
- Loaded All Assemblies, in  0.353 seconds
Refreshing native plugins compatible for Editor in 0.00 ms, found 0 plugins.
Native extension for Android target not found
Native extension for UWP target not found
Native extension for WindowsStandalone target not found
Native extension for WebGL target not found
ScheduleIndexationOnStartup MainProcess:False IndexOnStartup:True
Mono: successfully reloaded assembly
- Finished resetting the current domain, in  0.448 seconds
Domain Reload Profiling: 800ms
	BeginReloadAssembly (245ms)
		ExecutionOrderSort (0ms)
		DisableScriptedObjects (6ms)
		BackupInstance (0ms)
		ReleaseScriptingObjects (0ms)
		CreateAndSetChildDomain (35ms)
	RebuildCommonClasses (44ms)
	RebuildNativeTypeToScriptingClass (14ms)
	initialDomainReloadingComplete (19ms)
	LoadAllAssembliesAndSetupDomain (31ms)
		LoadAssemblies (177ms)
		RebuildTransferFunctionScriptingTraits (0ms)
		AnalyzeDomain (19ms)
			TypeCache.Refresh (4ms)
				TypeCache.ScanAssembly (0ms)
			BuildScriptInfoCaches (11ms)
			ResolveRequiredComponents (2ms)
	FinalizeReload (448ms)
		ReleaseScriptCaches (0ms)
		RebuildScriptCaches (0ms)
		SetupLoadedEditorAssemblies (330ms)
			LogAssemblyErrors (0ms)
			InitializePlatformSupportModulesInManaged (26ms)
			SetLoadedEditorAssemblies (6ms)
			BeforeProcessingInitializeOnLoad (113ms)
			ProcessInitializeOnLoadAttributes (141ms)
			ProcessInitializeOnLoadMethodAttributes (42ms)
			AfterProcessingInitializeOnLoad (2ms)
			EditorAssembliesLoaded (0ms)
		ExecutionOrderSort2 (0ms)
		AwakeInstancesAfterBackupRestoration (6ms)
Refreshing native plugins compatible for Editor in 0.00 ms, found 0 plugins.
Preloading 0 native plugins for Editor in 0.00 ms.
Unloading 4 Unused Serialized files (Serialized files now loaded: 0)
Unloading 509 unused Assets / (347.7 KB). Loaded Objects now: 1148.
Memory consumption went from 71.6 MB to 71.3 MB.
Total: 5.869400 ms (FindLiveObjects: 0.115600 ms CreateObjectMapping: 0.027600 ms MarkObjects: 5.509900 ms  DeleteObjects: 0.215000 ms)

Prepare: number of updated asset objects reloaded= 0
========================================================================
Received Prepare
Begin MonoManager ReloadAssembly
[Licensing::Client] Successfully resolved entitlement details
- Loaded All Assemblies, in  0.330 seconds
Refreshing native plugins compatible for Editor in 0.00 ms, found 0 plugins.
Native extension for Android target not found
Native extension for UWP target not found
Native extension for WindowsStandalone target not found
Native extension for WebGL target not found
ScheduleIndexationOnStartup MainProcess:False IndexOnStartup:True
Mono: successfully reloaded assembly
- Finished resetting the current domain, in  0.456 seconds
Domain Reload Profiling: 786ms
	BeginReloadAssembly (227ms)
		ExecutionOrderSort (0ms)
		DisableScriptedObjects (6ms)
		BackupInstance (0ms)
		ReleaseScriptingObjects (0ms)
		CreateAndSetChildDomain (33ms)
	RebuildCommonClasses (39ms)
	RebuildNativeTypeToScriptingClass (13ms)
	initialDomainReloadingComplete (18ms)
	LoadAllAssembliesAndSetupDomain (32ms)
		LoadAssemblies (160ms)
		RebuildTransferFunctionScriptingTraits (0ms)
		AnalyzeDomain (20ms)
			TypeCache.Refresh (3ms)
				TypeCache.ScanAssembly (0ms)
			BuildScriptInfoCaches (10ms)
			ResolveRequiredComponents (3ms)
	FinalizeReload (456ms)
		ReleaseScriptCaches (0ms)
		RebuildScriptCaches (0ms)
		SetupLoadedEditorAssemblies (340ms)
			LogAssemblyErrors (0ms)
			InitializePlatformSupportModulesInManaged (22ms)
			SetLoadedEditorAssemblies (5ms)
			BeforeProcessingInitializeOnLoad (115ms)
			ProcessInitializeOnLoadAttributes (148ms)
			ProcessInitializeOnLoadMethodAttributes (47ms)
			AfterProcessingInitializeOnLoad (2ms)
			EditorAssembliesLoaded (0ms)
		ExecutionOrderSort2 (0ms)
		AwakeInstancesAfterBackupRestoration (6ms)
Refreshing native plugins compatible for Editor in 0.00 ms, found 0 plugins.
Preloading 0 native plugins for Editor in 0.00 ms.
Unloading 4 Unused Serialized files (Serialized files now loaded: 0)
Unloading 509 unused Assets / (340.5 KB). Loaded Objects now: 1148.
Memory consumption went from 71.7 MB to 71.3 MB.
Total: 6.393600 ms (FindLiveObjects: 0.094900 ms CreateObjectMapping: 0.028300 ms MarkObjects: 6.063300 ms  DeleteObjects: 0.206000 ms)

Prepare: number of updated asset objects reloaded= 0
========================================================================
Received Import Request.
  Time since last request: 91031.699529 seconds.
  path: Assets/PostProcessing/Editor/PropertyDrawers/MinDrawer.cs
  artifactKey: Guid(8995f52f410f0fb4cb1bdaa71a16e04e) Importer(2089858483,b0f066a214c2f5e87bad3c948f4d605d)
Start importing Assets/PostProcessing/Editor/PropertyDrawers/MinDrawer.cs using Guid(8995f52f410f0fb4cb1bdaa71a16e04e) Importer(2089858483,b0f066a214c2f5e87bad3c948f4d605d) (ScriptedImporter) -> (artifact id: 'f211119a7c63b0bb52426e35bfb3948c') in 0.1036858 seconds
Number of updated asset objects reloaded before import = 0Number of asset objects unloaded after import = 0

========================================================================
Received Import Request.
  Time since last request: 56.825747 seconds.
  path: Assets/Scenes/Level 01.unity
  artifactKey: Guid(52a0896fc4a76a1428f10de16ee92e1e) Importer(2089858483,b0f066a214c2f5e87bad3c948f4d605d)
Start importing Assets/Scenes/Level 01.unity using Guid(52a0896fc4a76a1428f10de16ee92e1e) Importer(2089858483,b0f066a214c2f5e87bad3c948f4d605d) (ScriptedImporter) -> (artifact id: '270729fb2e22cee1a119f7b15d8c98b2') in 0.0196708 seconds
Number of updated asset objects reloaded before import = 0Number of asset objects unloaded after import = 1

========================================================================
Received Prepare
Refreshing native plugins compatible for Editor in 0.00 ms, found 0 plugins.
Preloading 0 native plugins for Editor in 0.00 ms.
Unloading 4 Unused Serialized files (Serialized files now loaded: 0)
Unloading 510 unused Assets / (331.7 KB). Loaded Objects now: 1151.
Memory consumption went from 72.7 MB to 72.4 MB.
Total: 7.599600 ms (FindLiveObjects: 0.114600 ms CreateObjectMapping: 0.025700 ms MarkObjects: 7.228000 ms  DeleteObjects: 0.230000 ms)

Prepare: number of updated asset objects reloaded= 0
========================================================================
Received Prepare
Begin MonoManager ReloadAssembly
[Licensing::Client] Successfully resolved entitlement details
- Loaded All Assemblies, in  0.381 seconds
Refreshing native plugins compatible for Editor in 0.00 ms, found 0 plugins.
Native extension for Android target not found
Native extension for UWP target not found
Native extension for WindowsStandalone target not found
Native extension for WebGL target not found
ScheduleIndexationOnStartup MainProcess:False IndexOnStartup:True
Mono: successfully reloaded assembly
- Finished resetting the current domain, in  0.457 seconds
Domain Reload Profiling: 839ms
	BeginReloadAssembly (274ms)
		ExecutionOrderSort (0ms)
		DisableScriptedObjects (10ms)
		BackupInstance (0ms)
		ReleaseScriptingObjects (0ms)
		CreateAndSetChildDomain (43ms)
	RebuildCommonClasses (42ms)
	RebuildNativeTypeToScriptingClass (12ms)
	initialDomainReloadingComplete (20ms)
	LoadAllAssembliesAndSetupDomain (33ms)
		LoadAssemblies (176ms)
		RebuildTransferFunctionScriptingTraits (0ms)
		AnalyzeDomain (21ms)
			TypeCache.Refresh (7ms)
				TypeCache.ScanAssembly (2ms)
			BuildScriptInfoCaches (10ms)
			ResolveRequiredComponents (2ms)
	FinalizeReload (458ms)
		ReleaseScriptCaches (0ms)
		RebuildScriptCaches (0ms)
		SetupLoadedEditorAssemblies (350ms)
			LogAssemblyErrors (0ms)
			InitializePlatformSupportModulesInManaged (22ms)
			SetLoadedEditorAssemblies (6ms)
			BeforeProcessingInitializeOnLoad (119ms)
			ProcessInitializeOnLoadAttributes (159ms)
			ProcessInitializeOnLoadMethodAttributes (41ms)
			AfterProcessingInitializeOnLoad (2ms)
			EditorAssembliesLoaded (0ms)
		ExecutionOrderSort2 (0ms)
		AwakeInstancesAfterBackupRestoration (6ms)
Refreshing native plugins compatible for Editor in 0.00 ms, found 0 plugins.
Preloading 0 native plugins for Editor in 0.00 ms.
Unloading 4 Unused Serialized files (Serialized files now loaded: 0)
Unloading 510 unused Assets / (329.8 KB). Loaded Objects now: 1151.
Memory consumption went from 72.4 MB to 72.1 MB.
Total: 5.112700 ms (FindLiveObjects: 0.088200 ms CreateObjectMapping: 0.024500 ms MarkObjects: 4.805600 ms  DeleteObjects: 0.193200 ms)

Prepare: number of updated asset objects reloaded= 0
========================================================================
Received Import Request.
  Time since last request: 81.907620 seconds.
  path: Assets/Scripts/Managers/MainMenuManager.cs
  artifactKey: Guid(19cc3e7834eed3c4f98985574ec5162f) Importer(815301076,1909f56bfc062723c751e8b465ee728b)
Start importing Assets/Scripts/Managers/MainMenuManager.cs using Guid(19cc3e7834eed3c4f98985574ec5162f) Importer(815301076,1909f56bfc062723c751e8b465ee728b) (PreviewImporter) -> (artifact id: '69976997a1f4f7c4eb4e04fa731af2ad') in 0.0097116 seconds
Number of updated asset objects reloaded before import = 0Number of asset objects unloaded after import = 0

========================================================================
Received Prepare
Refreshing native plugins compatible for Editor in 0.00 ms, found 0 plugins.
Preloading 0 native plugins for Editor in 0.00 ms.
Unloading 4 Unused Serialized files (Serialized files now loaded: 0)
Unloading 510 unused Assets / (356.1 KB). Loaded Objects now: 1151.
Memory consumption went from 72.7 MB to 72.3 MB.
Total: 8.057800 ms (FindLiveObjects: 0.090100 ms CreateObjectMapping: 0.025000 ms MarkObjects: 7.751800 ms  DeleteObjects: 0.189800 ms)

Prepare: number of updated asset objects reloaded= 0
========================================================================
Received Prepare
Refreshing native plugins compatible for Editor in 0.00 ms, found 0 plugins.
Preloading 0 native plugins for Editor in 0.00 ms.
Unloading 4 Unused Serialized files (Serialized files now loaded: 0)
Unloading 511 unused Assets / (332.6 KB). Loaded Objects now: 1152.
Memory consumption went from 72.7 MB to 72.4 MB.
Total: 5.471100 ms (FindLiveObjects: 0.091800 ms CreateObjectMapping: 0.029800 ms MarkObjects: 5.148400 ms  DeleteObjects: 0.200200 ms)

Prepare: number of updated asset objects reloaded= 0
========================================================================
Received Import Request.
  Time since last request: 272.346102 seconds.
  path: Assets/Scripts/Services/SaveSystem.cs
  artifactKey: Guid(2d3c6b299e8cabf4fab70648903ce05a) Importer(815301076,1909f56bfc062723c751e8b465ee728b)
Start importing Assets/Scripts/Services/SaveSystem.cs using Guid(2d3c6b299e8cabf4fab70648903ce05a) Importer(815301076,1909f56bfc062723c751e8b465ee728b) (PreviewImporter) -> (artifact id: '250ca12340380efac2ce779a4b82bdc0') in 0.0048698 seconds
Number of updated asset objects reloaded before import = 0Number of asset objects unloaded after import = 0

========================================================================
Received Prepare
Refreshing native plugins compatible for Editor in 0.00 ms, found 0 plugins.
Preloading 0 native plugins for Editor in 0.00 ms.
Unloading 4 Unused Serialized files (Serialized files now loaded: 0)
Unloading 511 unused Assets / (356.2 KB). Loaded Objects now: 1152.
Memory consumption went from 72.7 MB to 72.3 MB.
Total: 5.519200 ms (FindLiveObjects: 0.100700 ms CreateObjectMapping: 0.026900 ms MarkObjects: 5.163000 ms  DeleteObjects: 0.227600 ms)

Prepare: number of updated asset objects reloaded= 0
========================================================================
Received Prepare
Refreshing native plugins compatible for Editor in 0.00 ms, found 0 plugins.
Preloading 0 native plugins for Editor in 0.00 ms.
Unloading 4 Unused Serialized files (Serialized files now loaded: 0)
Unloading 512 unused Assets / (293.4 KB). Loaded Objects now: 1153.
Memory consumption went from 72.7 MB to 72.4 MB.
Total: 5.212000 ms (FindLiveObjects: 0.098600 ms CreateObjectMapping: 0.022600 ms MarkObjects: 4.911800 ms  DeleteObjects: 0.178300 ms)

Prepare: number of updated asset objects reloaded= 0
========================================================================
Received Prepare
Refreshing native plugins compatible for Editor in 0.00 ms, found 0 plugins.
Preloading 0 native plugins for Editor in 0.00 ms.
Unloading 4 Unused Serialized files (Serialized files now loaded: 0)
Unloading 512 unused Assets / (337.3 KB). Loaded Objects now: 1153.
Memory consumption went from 72.7 MB to 72.4 MB.
Total: 5.330100 ms (FindLiveObjects: 0.089500 ms CreateObjectMapping: 0.026200 ms MarkObjects: 4.988100 ms  DeleteObjects: 0.225200 ms)

Prepare: number of updated asset objects reloaded= 0
========================================================================
Received Import Request.
  Time since last request: 3344.615182 seconds.
  path: Assets/Scripts/Data/SaveData.cs
  artifactKey: Guid(df04f2f1e42c4a74db8969bd02bfa1f0) Importer(815301076,1909f56bfc062723c751e8b465ee728b)
Start importing Assets/Scripts/Data/SaveData.cs using Guid(df04f2f1e42c4a74db8969bd02bfa1f0) Importer(815301076,1909f56bfc062723c751e8b465ee728b) (PreviewImporter) -> (artifact id: 'bfc277bf0aa4dc06d273069c80513bc6') in 0.008311 seconds
Number of updated asset objects reloaded before import = 0Number of asset objects unloaded after import = 0

========================================================================
Received Prepare
Refreshing native plugins compatible for Editor in 0.00 ms, found 0 plugins.
Preloading 0 native plugins for Editor in 0.00 ms.
Unloading 4 Unused Serialized files (Serialized files now loaded: 0)
Unloading 513 unused Assets / (331.6 KB). Loaded Objects now: 1154.
Memory consumption went from 72.7 MB to 72.4 MB.
Total: 4.745100 ms (FindLiveObjects: 0.084600 ms CreateObjectMapping: 0.025900 ms MarkObjects: 4.434200 ms  DeleteObjects: 0.199700 ms)

Prepare: number of updated asset objects reloaded= 0
========================================================================
Received Prepare
Refreshing native plugins compatible for Editor in 0.00 ms, found 0 plugins.
Preloading 0 native plugins for Editor in 0.00 ms.
Unloading 4 Unused Serialized files (Serialized files now loaded: 0)
Unloading 513 unused Assets / (352.0 KB). Loaded Objects now: 1154.
Memory consumption went from 72.7 MB to 72.3 MB.
Total: 6.733300 ms (FindLiveObjects: 0.092000 ms CreateObjectMapping: 0.025300 ms MarkObjects: 6.400000 ms  DeleteObjects: 0.214900 ms)

Prepare: number of updated asset objects reloaded= 0
========================================================================
Received Import Request.
  Time since last request: 85.295197 seconds.
  path: Assets/Scripts/Managers/EnemyManager1.cs
  artifactKey: Guid(27fb551afd3524045a2ddbd28bfad476) Importer(815301076,1909f56bfc062723c751e8b465ee728b)
Start importing Assets/Scripts/Managers/EnemyManager1.cs using Guid(27fb551afd3524045a2ddbd28bfad476) Importer(815301076,1909f56bfc062723c751e8b465ee728b) (PreviewImporter) -> (artifact id: '51b7efe19b8b9a2c9275c3a05e59db14') in 0.0044356 seconds
Number of updated asset objects reloaded before import = 0Number of asset objects unloaded after import = 0

========================================================================
Received Prepare
Refreshing native plugins compatible for Editor in 0.00 ms, found 0 plugins.
Preloading 0 native plugins for Editor in 0.00 ms.
Unloading 4 Unused Serialized files (Serialized files now loaded: 0)
Unloading 512 unused Assets / (312.1 KB). Loaded Objects now: 1153.
Memory consumption went from 72.7 MB to 72.4 MB.
Total: 5.010900 ms (FindLiveObjects: 0.104100 ms CreateObjectMapping: 0.025400 ms MarkObjects: 4.650100 ms  DeleteObjects: 0.230200 ms)

Prepare: number of updated asset objects reloaded= 0
========================================================================
Received Prepare
Refreshing native plugins compatible for Editor in 0.00 ms, found 0 plugins.
Preloading 0 native plugins for Editor in 0.00 ms.
Unloading 4 Unused Serialized files (Serialized files now loaded: 0)
Unloading 513 unused Assets / (333.9 KB). Loaded Objects now: 1154.
Memory consumption went from 72.7 MB to 72.4 MB.
Total: 5.190600 ms (FindLiveObjects: 0.089100 ms CreateObjectMapping: 0.022600 ms MarkObjects: 4.887200 ms  DeleteObjects: 0.190500 ms)

Prepare: number of updated asset objects reloaded= 0
========================================================================
Received Import Request.
  Time since last request: 365.634160 seconds.
  path: Assets/Scripts/Services/GameEvents.cs
  artifactKey: Guid(45dd3ac825cf98b41aaaa13bb17c35ac) Importer(815301076,1909f56bfc062723c751e8b465ee728b)
Start importing Assets/Scripts/Services/GameEvents.cs using Guid(45dd3ac825cf98b41aaaa13bb17c35ac) Importer(815301076,1909f56bfc062723c751e8b465ee728b) (PreviewImporter) -> (artifact id: 'df182b4b80d393ef0a761899fcdde87e') in 0.0050657 seconds
Number of updated asset objects reloaded before import = 0Number of asset objects unloaded after import = 0

========================================================================
Received Prepare
Refreshing native plugins compatible for Editor in 0.00 ms, found 0 plugins.
Preloading 0 native plugins for Editor in 0.00 ms.
Unloading 4 Unused Serialized files (Serialized files now loaded: 0)
Unloading 513 unused Assets / (280.6 KB). Loaded Objects now: 1154.
Memory consumption went from 72.7 MB to 72.5 MB.
Total: 6.034700 ms (FindLiveObjects: 0.101100 ms CreateObjectMapping: 0.024300 ms MarkObjects: 5.698000 ms  DeleteObjects: 0.210300 ms)

Prepare: number of updated asset objects reloaded= 0
========================================================================
Received Import Request.
  Time since last request: 635.072837 seconds.
  path: Assets/Scripts/Services/GameEvents.cs
  artifactKey: Guid(45dd3ac825cf98b41aaaa13bb17c35ac) Importer(815301076,1909f56bfc062723c751e8b465ee728b)
Start importing Assets/Scripts/Services/GameEvents.cs using Guid(45dd3ac825cf98b41aaaa13bb17c35ac) Importer(815301076,1909f56bfc062723c751e8b465ee728b) (PreviewImporter) -> (artifact id: '7d87b63ff69723cc08bf03732b3b4657') in 0.00301 seconds
Number of updated asset objects reloaded before import = 0Number of asset objects unloaded after import = 0

========================================================================
Received Prepare
Refreshing native plugins compatible for Editor in 0.00 ms, found 0 plugins.
Preloading 0 native plugins for Editor in 0.00 ms.
Unloading 4 Unused Serialized files (Serialized files now loaded: 0)
Unloading 513 unused Assets / (316.3 KB). Loaded Objects now: 1154.
Memory consumption went from 72.7 MB to 72.4 MB.
Total: 6.608700 ms (FindLiveObjects: 0.094000 ms CreateObjectMapping: 0.025200 ms MarkObjects: 6.276900 ms  DeleteObjects: 0.211200 ms)

Prepare: number of updated asset objects reloaded= 0
========================================================================
Received Prepare
Refreshing native plugins compatible for Editor in 0.00 ms, found 0 plugins.
Preloading 0 native plugins for Editor in 0.00 ms.
Unloading 4 Unused Serialized files (Serialized files now loaded: 0)
Unloading 513 unused Assets / (345.4 KB). Loaded Objects now: 1154.
Memory consumption went from 72.7 MB to 72.4 MB.
Total: 8.270800 ms (FindLiveObjects: 0.103600 ms CreateObjectMapping: 0.028800 ms MarkObjects: 7.900600 ms  DeleteObjects: 0.236400 ms)

Prepare: number of updated asset objects reloaded= 0
========================================================================
Received Import Request.
  Time since last request: 338.010047 seconds.
  path: Assets/Scripts/Enemy/EnemyMovement.cs
  artifactKey: Guid(94f6618a0da65fa45b24d5105d5d8422) Importer(815301076,1909f56bfc062723c751e8b465ee728b)
Start importing Assets/Scripts/Enemy/EnemyMovement.cs using Guid(94f6618a0da65fa45b24d5105d5d8422) Importer(815301076,1909f56bfc062723c751e8b465ee728b) (PreviewImporter) -> (artifact id: '52b728f4d69a909ab9700ca7ee6b86f0') in 0.0052702 seconds
Number of updated asset objects reloaded before import = 0Number of asset objects unloaded after import = 0

========================================================================
Received Prepare
Refreshing native plugins compatible for Editor in 0.00 ms, found 0 plugins.
Preloading 0 native plugins for Editor in 0.00 ms.
Unloading 4 Unused Serialized files (Serialized files now loaded: 0)
Unloading 514 unused Assets / (351.8 KB). Loaded Objects now: 1155.
Memory consumption went from 72.7 MB to 72.4 MB.
Total: 5.674400 ms (FindLiveObjects: 0.090300 ms CreateObjectMapping: 0.024900 ms MarkObjects: 5.352500 ms  DeleteObjects: 0.205700 ms)

Prepare: number of updated asset objects reloaded= 0
========================================================================
Received Import Request.
  Time since last request: 183.548220 seconds.
  path: Assets/Scripts/Managers/EnemyManager1.cs
  artifactKey: Guid(27fb551afd3524045a2ddbd28bfad476) Importer(2089858483,b0f066a214c2f5e87bad3c948f4d605d)
Start importing Assets/Scripts/Managers/EnemyManager1.cs using Guid(27fb551afd3524045a2ddbd28bfad476) Importer(2089858483,b0f066a214c2f5e87bad3c948f4d605d) (ScriptedImporter) -> (artifact id: 'ef27894a99499b3c01f3780478f0da74') in 0.1326764 seconds
Number of updated asset objects reloaded before import = 0Number of asset objects unloaded after import = 0

========================================================================
Received Prepare
Refreshing native plugins compatible for Editor in 0.00 ms, found 0 plugins.
Preloading 0 native plugins for Editor in 0.00 ms.
Unloading 4 Unused Serialized files (Serialized files now loaded: 0)
Unloading 513 unused Assets / (342.9 KB). Loaded Objects now: 1154.
Memory consumption went from 72.7 MB to 72.4 MB.
Total: 4.784100 ms (FindLiveObjects: 0.084600 ms CreateObjectMapping: 0.025200 ms MarkObjects: 4.410900 ms  DeleteObjects: 0.262700 ms)

Prepare: number of updated asset objects reloaded= 0
========================================================================
Received Prepare
Refreshing native plugins compatible for Editor in 0.00 ms, found 0 plugins.
Preloading 0 native plugins for Editor in 0.00 ms.
Unloading 4 Unused Serialized files (Serialized files now loaded: 0)
Unloading 513 unused Assets / (345.3 KB). Loaded Objects now: 1154.
Memory consumption went from 72.8 MB to 72.4 MB.
Total: 8.568400 ms (FindLiveObjects: 0.092600 ms CreateObjectMapping: 0.024100 ms MarkObjects: 8.253700 ms  DeleteObjects: 0.197000 ms)

Prepare: number of updated asset objects reloaded= 0
========================================================================
Received Import Request.
  Time since last request: 34.812894 seconds.
  path: Assets/Scripts/Managers/GameOverManager.cs
  artifactKey: Guid(d9c9e0011c2ed97428a4efc03b455359) Importer(815301076,1909f56bfc062723c751e8b465ee728b)
Start importing Assets/Scripts/Managers/GameOverManager.cs using Guid(d9c9e0011c2ed97428a4efc03b455359) Importer(815301076,1909f56bfc062723c751e8b465ee728b) (PreviewImporter) -> (artifact id: '1bd6360966fcd1581a4502b9e63d62d8') in 0.0047055 seconds
Number of updated asset objects reloaded before import = 0Number of asset objects unloaded after import = 0

========================================================================
Received Prepare
Refreshing native plugins compatible for Editor in 0.00 ms, found 0 plugins.
Preloading 0 native plugins for Editor in 0.00 ms.
Unloading 4 Unused Serialized files (Serialized files now loaded: 0)
Unloading 513 unused Assets / (341.4 KB). Loaded Objects now: 1154.
Memory consumption went from 72.7 MB to 72.4 MB.
Total: 5.024700 ms (FindLiveObjects: 0.102500 ms CreateObjectMapping: 0.023800 ms MarkObjects: 4.693700 ms  DeleteObjects: 0.203800 ms)

Prepare: number of updated asset objects reloaded= 0
========================================================================
Received Prepare
Refreshing native plugins compatible for Editor in 0.00 ms, found 0 plugins.
Preloading 0 native plugins for Editor in 0.00 ms.
Unloading 4 Unused Serialized files (Serialized files now loaded: 0)
Unloading 513 unused Assets / (333.9 KB). Loaded Objects now: 1154.
Memory consumption went from 72.7 MB to 72.4 MB.
Total: 5.525500 ms (FindLiveObjects: 0.089300 ms CreateObjectMapping: 0.025800 ms MarkObjects: 5.202100 ms  DeleteObjects: 0.207300 ms)

Prepare: number of updated asset objects reloaded= 0
========================================================================
Received Import Request.
  Time since last request: 278.770519 seconds.
  path: Assets/Scripts/Managers/EnemyManager.cs
  artifactKey: Guid(76a99222b1e4a384e923ac7e86efc709) Importer(815301076,1909f56bfc062723c751e8b465ee728b)
Start importing Assets/Scripts/Managers/EnemyManager.cs using Guid(76a99222b1e4a384e923ac7e86efc709) Importer(815301076,1909f56bfc062723c751e8b465ee728b) (PreviewImporter) -> (artifact id: '6038359d73b5f1d33d4934b1ba89eaef') in 0.0048814 seconds
Number of updated asset objects reloaded before import = 0Number of asset objects unloaded after import = 0

========================================================================
Received Prepare
Refreshing native plugins compatible for Editor in 0.00 ms, found 0 plugins.
Preloading 0 native plugins for Editor in 0.00 ms.
Unloading 4 Unused Serialized files (Serialized files now loaded: 0)
Unloading 513 unused Assets / (324.0 KB). Loaded Objects now: 1154.
Memory consumption went from 72.8 MB to 72.4 MB.
Total: 5.674700 ms (FindLiveObjects: 0.104400 ms CreateObjectMapping: 0.030200 ms MarkObjects: 5.341200 ms  DeleteObjects: 0.197600 ms)

Prepare: number of updated asset objects reloaded= 0
========================================================================
Received Import Request.
  Time since last request: 459.794283 seconds.
  path: Assets/Scripts/Player/PlayerHealth.cs
  artifactKey: Guid(544f2064df03e95419b4a5147c506b08) Importer(815301076,1909f56bfc062723c751e8b465ee728b)
Start importing Assets/Scripts/Player/PlayerHealth.cs using Guid(544f2064df03e95419b4a5147c506b08) Importer(815301076,1909f56bfc062723c751e8b465ee728b) (PreviewImporter) -> (artifact id: '4b816d352d81de4cc5cd7625c685f94e') in 0.0024967 seconds
Number of updated asset objects reloaded before import = 0Number of asset objects unloaded after import = 0

========================================================================
Received Prepare
Refreshing native plugins compatible for Editor in 0.00 ms, found 0 plugins.
Preloading 0 native plugins for Editor in 0.00 ms.
Unloading 4 Unused Serialized files (Serialized files now loaded: 0)
Unloading 514 unused Assets / (333.7 KB). Loaded Objects now: 1155.
Memory consumption went from 72.7 MB to 72.4 MB.
Total: 5.073500 ms (FindLiveObjects: 0.094900 ms CreateObjectMapping: 0.027000 ms MarkObjects: 4.758600 ms  DeleteObjects: 0.191700 ms)

Prepare: number of updated asset objects reloaded= 0
========================================================================
Received Import Request.
  Time since last request: 80.517068 seconds.
  path: Assets/Scripts/Enemy/EnemyType.cs
  artifactKey: Guid(584cd82c803fa1a4085f1cb82c4225a9) Importer(815301076,1909f56bfc062723c751e8b465ee728b)
Start importing Assets/Scripts/Enemy/EnemyType.cs using Guid(584cd82c803fa1a4085f1cb82c4225a9) Importer(815301076,1909f56bfc062723c751e8b465ee728b) (PreviewImporter) -> (artifact id: '9a15c487e62114af7b609581f5caa01b') in 0.002057 seconds
Number of updated asset objects reloaded before import = 0Number of asset objects unloaded after import = 0

========================================================================
Received Prepare
Refreshing native plugins compatible for Editor in 0.00 ms, found 0 plugins.
Preloading 0 native plugins for Editor in 0.00 ms.
Unloading 4 Unused Serialized files (Serialized files now loaded: 0)
Unloading 514 unused Assets / (341.6 KB). Loaded Objects now: 1155.
Memory consumption went from 72.7 MB to 72.4 MB.
Total: 4.997100 ms (FindLiveObjects: 0.091400 ms CreateObjectMapping: 0.022900 ms MarkObjects: 4.682800 ms  DeleteObjects: 0.198600 ms)

Prepare: number of updated asset objects reloaded= 0
========================================================================
Received Prepare
Refreshing native plugins compatible for Editor in 0.00 ms, found 0 plugins.
Preloading 0 native plugins for Editor in 0.00 ms.
Unloading 4 Unused Serialized files (Serialized files now loaded: 0)
Unloading 515 unused Assets / (326.2 KB). Loaded Objects now: 1156.
Memory consumption went from 72.7 MB to 72.4 MB.
Total: 4.764500 ms (FindLiveObjects: 0.099800 ms CreateObjectMapping: 0.025900 ms MarkObjects: 4.407300 ms  DeleteObjects: 0.230300 ms)

Prepare: number of updated asset objects reloaded= 0
========================================================================
Received Prepare
Refreshing native plugins compatible for Editor in 0.00 ms, found 0 plugins.
Preloading 0 native plugins for Editor in 0.00 ms.
Unloading 4 Unused Serialized files (Serialized files now loaded: 0)
Unloading 515 unused Assets / (347.8 KB). Loaded Objects now: 1156.
Memory consumption went from 72.7 MB to 72.4 MB.
Total: 5.413400 ms (FindLiveObjects: 0.088600 ms CreateObjectMapping: 0.022100 ms MarkObjects: 5.067900 ms  DeleteObjects: 0.233500 ms)

Prepare: number of updated asset objects reloaded= 0
========================================================================
Received Prepare
Refreshing native plugins compatible for Editor in 0.00 ms, found 0 plugins.
Preloading 0 native plugins for Editor in 0.00 ms.
Unloading 4 Unused Serialized files (Serialized files now loaded: 0)
Unloading 515 unused Assets / (334.3 KB). Loaded Objects now: 1156.
Memory consumption went from 72.8 MB to 72.4 MB.
Total: 5.826000 ms (FindLiveObjects: 0.095400 ms CreateObjectMapping: 0.025800 ms MarkObjects: 5.478200 ms  DeleteObjects: 0.225500 ms)

Prepare: number of updated asset objects reloaded= 0
========================================================================
Received Prepare
Refreshing native plugins compatible for Editor in 0.00 ms, found 0 plugins.
Preloading 0 native plugins for Editor in 0.00 ms.
Unloading 4 Unused Serialized files (Serialized files now loaded: 0)
Unloading 516 unused Assets / (314.4 KB). Loaded Objects now: 1157.
Memory consumption went from 72.7 MB to 72.4 MB.
Total: 5.274900 ms (FindLiveObjects: 0.088300 ms CreateObjectMapping: 0.024800 ms MarkObjects: 4.900400 ms  DeleteObjects: 0.260300 ms)

Prepare: number of updated asset objects reloaded= 0
========================================================================
Received Import Request.
  Time since last request: 590.364093 seconds.
  path: Assets/Scripts/Managers/SaveGameManager.cs
  artifactKey: Guid(7c8f955036e1a824cbafb13ec6982bd7) Importer(815301076,1909f56bfc062723c751e8b465ee728b)
Start importing Assets/Scripts/Managers/SaveGameManager.cs using Guid(7c8f955036e1a824cbafb13ec6982bd7) Importer(815301076,1909f56bfc062723c751e8b465ee728b) (PreviewImporter) -> (artifact id: '56d1a38cf6cd860743aa3bf0914af890') in 0.0115884 seconds
Number of updated asset objects reloaded before import = 0Number of asset objects unloaded after import = 0

========================================================================
Received Prepare
Refreshing native plugins compatible for Editor in 0.00 ms, found 0 plugins.
Preloading 0 native plugins for Editor in 0.00 ms.
Unloading 4 Unused Serialized files (Serialized files now loaded: 0)
Unloading 516 unused Assets / (328.8 KB). Loaded Objects now: 1157.
Memory consumption went from 72.7 MB to 72.4 MB.
Total: 5.070100 ms (FindLiveObjects: 0.108500 ms CreateObjectMapping: 0.026900 ms MarkObjects: 4.750300 ms  DeleteObjects: 0.183600 ms)

Prepare: number of updated asset objects reloaded= 0
========================================================================
Received Prepare
Refreshing native plugins compatible for Editor in 0.00 ms, found 0 plugins.
Preloading 0 native plugins for Editor in 0.00 ms.
Unloading 4 Unused Serialized files (Serialized files now loaded: 0)
Unloading 516 unused Assets / (357.7 KB). Loaded Objects now: 1157.
Memory consumption went from 72.7 MB to 72.4 MB.
Total: 5.932800 ms (FindLiveObjects: 0.107500 ms CreateObjectMapping: 0.025900 ms MarkObjects: 5.562200 ms  DeleteObjects: 0.236200 ms)

Prepare: number of updated asset objects reloaded= 0
========================================================================
Received Prepare
Refreshing native plugins compatible for Editor in 0.00 ms, found 0 plugins.
Preloading 0 native plugins for Editor in 0.00 ms.
Unloading 4 Unused Serialized files (Serialized files now loaded: 0)
Unloading 517 unused Assets / (347.8 KB). Loaded Objects now: 1158.
Memory consumption went from 72.7 MB to 72.4 MB.
Total: 5.579300 ms (FindLiveObjects: 0.086000 ms CreateObjectMapping: 0.022200 ms MarkObjects: 5.271800 ms  DeleteObjects: 0.198100 ms)

Prepare: number of updated asset objects reloaded= 0
========================================================================
Received Prepare
Refreshing native plugins compatible for Editor in 0.00 ms, found 0 plugins.
Preloading 0 native plugins for Editor in 0.00 ms.
Unloading 4 Unused Serialized files (Serialized files now loaded: 0)
Unloading 517 unused Assets / (326.9 KB). Loaded Objects now: 1158.
Memory consumption went from 72.8 MB to 72.4 MB.
Total: 6.090700 ms (FindLiveObjects: 0.102400 ms CreateObjectMapping: 0.033600 ms MarkObjects: 5.728300 ms  DeleteObjects: 0.225200 ms)

Prepare: number of updated asset objects reloaded= 0
========================================================================
Received Import Request.
  Time since last request: 769.976356 seconds.
  path: Assets/Scripts/Interfaces/ISaveSystem.cs
  artifactKey: Guid(c8fe077cda4379b4ea9137425e22d76d) Importer(815301076,1909f56bfc062723c751e8b465ee728b)
Start importing Assets/Scripts/Interfaces/ISaveSystem.cs using Guid(c8fe077cda4379b4ea9137425e22d76d) Importer(815301076,1909f56bfc062723c751e8b465ee728b) (PreviewImporter) -> (artifact id: '1d158aeb638a91e8f25baf85a72db339') in 0.009027 seconds
Number of updated asset objects reloaded before import = 0Number of asset objects unloaded after import = 0

========================================================================
Received Prepare
Refreshing native plugins compatible for Editor in 0.00 ms, found 0 plugins.
Preloading 0 native plugins for Editor in 0.00 ms.
Unloading 4 Unused Serialized files (Serialized files now loaded: 0)
Unloading 517 unused Assets / (336.7 KB). Loaded Objects now: 1158.
Memory consumption went from 72.7 MB to 72.4 MB.
Total: 4.910400 ms (FindLiveObjects: 0.091100 ms CreateObjectMapping: 0.023000 ms MarkObjects: 4.592400 ms  DeleteObjects: 0.202700 ms)

Prepare: number of updated asset objects reloaded= 0
========================================================================
Received Import Request.
  Time since last request: 15.740890 seconds.
  path: Assets/Scripts/Services/JsonSaveSystem.cs
  artifactKey: Guid(2d3c6b299e8cabf4fab70648903ce05a) Importer(815301076,1909f56bfc062723c751e8b465ee728b)
Start importing Assets/Scripts/Services/JsonSaveSystem.cs using Guid(2d3c6b299e8cabf4fab70648903ce05a) Importer(815301076,1909f56bfc062723c751e8b465ee728b) (PreviewImporter) -> (artifact id: '092fa31b1400060854796d769c080d27') in 0.0023077 seconds
Number of updated asset objects reloaded before import = 0Number of asset objects unloaded after import = 0

========================================================================
Received Prepare
Refreshing native plugins compatible for Editor in 0.00 ms, found 0 plugins.
Preloading 0 native plugins for Editor in 0.00 ms.
Unloading 4 Unused Serialized files (Serialized files now loaded: 0)
Unloading 517 unused Assets / (339.7 KB). Loaded Objects now: 1158.
Memory consumption went from 72.7 MB to 72.4 MB.
Total: 5.603000 ms (FindLiveObjects: 0.089800 ms CreateObjectMapping: 0.023400 ms MarkObjects: 5.269500 ms  DeleteObjects: 0.219000 ms)

Prepare: number of updated asset objects reloaded= 0
========================================================================
Received Import Request.
  Time since last request: 849.211879 seconds.
  path: Assets/Scripts/Services/JsonSaveSystem.cs
  artifactKey: Guid(2d3c6b299e8cabf4fab70648903ce05a) Importer(815301076,1909f56bfc062723c751e8b465ee728b)
Start importing Assets/Scripts/Services/JsonSaveSystem.cs using Guid(2d3c6b299e8cabf4fab70648903ce05a) Importer(815301076,1909f56bfc062723c751e8b465ee728b) (PreviewImporter) -> (artifact id: 'aeb0ebc657830e59ddd667b26923feaf') in 0.0025413 seconds
Number of updated asset objects reloaded before import = 0Number of asset objects unloaded after import = 0

========================================================================
Received Prepare
Refreshing native plugins compatible for Editor in 0.00 ms, found 0 plugins.
Preloading 0 native plugins for Editor in 0.00 ms.
Unloading 4 Unused Serialized files (Serialized files now loaded: 0)
Unloading 517 unused Assets / (356.0 KB). Loaded Objects now: 1158.
Memory consumption went from 72.7 MB to 72.4 MB.
Total: 6.706000 ms (FindLiveObjects: 0.106100 ms CreateObjectMapping: 0.025700 ms MarkObjects: 6.293900 ms  DeleteObjects: 0.278900 ms)

Prepare: number of updated asset objects reloaded= 0
========================================================================
Received Prepare
Refreshing native plugins compatible for Editor in 0.00 ms, found 0 plugins.
Preloading 0 native plugins for Editor in 0.00 ms.
Unloading 4 Unused Serialized files (Serialized files now loaded: 0)
Unloading 518 unused Assets / (337.5 KB). Loaded Objects now: 1159.
Memory consumption went from 72.7 MB to 72.4 MB.
Total: 4.735100 ms (FindLiveObjects: 0.098100 ms CreateObjectMapping: 0.027200 ms MarkObjects: 4.410900 ms  DeleteObjects: 0.197900 ms)

Prepare: number of updated asset objects reloaded= 0
========================================================================
Received Prepare
Refreshing native plugins compatible for Editor in 0.00 ms, found 0 plugins.
Preloading 0 native plugins for Editor in 0.00 ms.
Unloading 4 Unused Serialized files (Serialized files now loaded: 0)
Unloading 518 unused Assets / (328.4 KB). Loaded Objects now: 1159.
Memory consumption went from 72.8 MB to 72.5 MB.
Total: 5.861200 ms (FindLiveObjects: 0.112500 ms CreateObjectMapping: 0.028100 ms MarkObjects: 5.456400 ms  DeleteObjects: 0.263200 ms)

Prepare: number of updated asset objects reloaded= 0
========================================================================
Received Import Request.
  Time since last request: 426.307461 seconds.
  path: Assets/Scripts/Services/SaveMigration.cs
  artifactKey: Guid(41dc36ee0c704f34b8db07a4f7bd6f8a) Importer(815301076,1909f56bfc062723c751e8b465ee728b)
Start importing Assets/Scripts/Services/SaveMigration.cs using Guid(41dc36ee0c704f34b8db07a4f7bd6f8a) Importer(815301076,1909f56bfc062723c751e8b465ee728b) (PreviewImporter) -> (artifact id: 'd00ae842aa3aa9831c838552a3a1f6da') in 0.0071851 seconds
Number of updated asset objects reloaded before import = 0Number of asset objects unloaded after import = 0

========================================================================
Received Prepare
Refreshing native plugins compatible for Editor in 0.00 ms, found 0 plugins.
Preloading 0 native plugins for Editor in 0.00 ms.
Unloading 4 Unused Serialized files (Serialized files now loaded: 0)
Unloading 518 unused Assets / (328.9 KB). Loaded Objects now: 1159.
Memory consumption went from 72.8 MB to 72.4 MB.
Total: 4.876600 ms (FindLiveObjects: 0.095100 ms CreateObjectMapping: 0.025400 ms MarkObjects: 4.565400 ms  DeleteObjects: 0.189500 ms)

Prepare: number of updated asset objects reloaded= 0
========================================================================
Received Prepare
Refreshing native plugins compatible for Editor in 0.00 ms, found 0 plugins.
Preloading 0 native plugins for Editor in 0.00 ms.
Unloading 4 Unused Serialized files (Serialized files now loaded: 0)
Unloading 519 unused Assets / (332.5 KB). Loaded Objects now: 1160.
Memory consumption went from 72.8 MB to 72.4 MB.
Total: 4.607000 ms (FindLiveObjects: 0.090200 ms CreateObjectMapping: 0.025300 ms MarkObjects: 4.298600 ms  DeleteObjects: 0.192200 ms)

Prepare: number of updated asset objects reloaded= 0
========================================================================
Received Prepare
Refreshing native plugins compatible for Editor in 0.00 ms, found 0 plugins.
Preloading 0 native plugins for Editor in 0.00 ms.
Unloading 4 Unused Serialized files (Serialized files now loaded: 0)
Unloading 519 unused Assets / (342.0 KB). Loaded Objects now: 1160.
Memory consumption went from 72.8 MB to 72.4 MB.
Total: 5.974500 ms (FindLiveObjects: 0.091700 ms CreateObjectMapping: 0.028800 ms MarkObjects: 5.607700 ms  DeleteObjects: 0.245100 ms)

Prepare: number of updated asset objects reloaded= 0
========================================================================
Received Prepare
Refreshing native plugins compatible for Editor in 0.00 ms, found 0 plugins.
Preloading 0 native plugins for Editor in 0.00 ms.
Unloading 4 Unused Serialized files (Serialized files now loaded: 0)
Unloading 520 unused Assets / (333.6 KB). Loaded Objects now: 1161.
Memory consumption went from 72.8 MB to 72.4 MB.
Total: 5.064100 ms (FindLiveObjects: 0.093100 ms CreateObjectMapping: 0.025600 ms MarkObjects: 4.747500 ms  DeleteObjects: 0.196900 ms)

Prepare: number of updated asset objects reloaded= 0
========================================================================
Received Prepare
Refreshing native plugins compatible for Editor in 0.00 ms, found 0 plugins.
Preloading 0 native plugins for Editor in 0.00 ms.
Unloading 4 Unused Serialized files (Serialized files now loaded: 0)
Unloading 520 unused Assets / (332.6 KB). Loaded Objects now: 1161.
Memory consumption went from 72.8 MB to 72.5 MB.
Total: 6.002100 ms (FindLiveObjects: 0.091700 ms CreateObjectMapping: 0.027300 ms MarkObjects: 5.662200 ms  DeleteObjects: 0.219900 ms)

Prepare: number of updated asset objects reloaded= 0
========================================================================
Received Prepare
Refreshing native plugins compatible for Editor in 0.00 ms, found 0 plugins.
Preloading 0 native plugins for Editor in 0.00 ms.
Unloading 4 Unused Serialized files (Serialized files now loaded: 0)
Unloading 521 unused Assets / (355.4 KB). Loaded Objects now: 1162.
Memory consumption went from 72.8 MB to 72.4 MB.
Total: 5.049900 ms (FindLiveObjects: 0.099600 ms CreateObjectMapping: 0.028100 ms MarkObjects: 4.693300 ms  DeleteObjects: 0.227800 ms)

Prepare: number of updated asset objects reloaded= 0
========================================================================
Received Prepare
Refreshing native plugins compatible for Editor in 0.00 ms, found 0 plugins.
Preloading 0 native plugins for Editor in 0.00 ms.
Unloading 4 Unused Serialized files (Serialized files now loaded: 0)
Unloading 521 unused Assets / (338.1 KB). Loaded Objects now: 1162.
Memory consumption went from 72.8 MB to 72.4 MB.
Total: 6.133900 ms (FindLiveObjects: 0.102600 ms CreateObjectMapping: 0.026600 ms MarkObjects: 5.745700 ms  DeleteObjects: 0.257500 ms)

Prepare: number of updated asset objects reloaded= 0
========================================================================
Received Prepare
Refreshing native plugins compatible for Editor in 0.00 ms, found 0 plugins.
Preloading 0 native plugins for Editor in 0.00 ms.
Unloading 4 Unused Serialized files (Serialized files now loaded: 0)
Unloading 521 unused Assets / (335.5 KB). Loaded Objects now: 1162.
Memory consumption went from 72.8 MB to 72.4 MB.
Total: 5.448900 ms (FindLiveObjects: 0.096000 ms CreateObjectMapping: 0.029700 ms MarkObjects: 5.125200 ms  DeleteObjects: 0.197000 ms)

Prepare: number of updated asset objects reloaded= 0
========================================================================
Received Prepare
Refreshing native plugins compatible for Editor in 0.00 ms, found 0 plugins.
Preloading 0 native plugins for Editor in 0.00 ms.
Unloading 4 Unused Serialized files (Serialized files now loaded: 0)
Unloading 521 unused Assets / (336.9 KB). Loaded Objects now: 1162.
Memory consumption went from 72.8 MB to 72.4 MB.
Total: 5.307300 ms (FindLiveObjects: 0.096400 ms CreateObjectMapping: 0.024700 ms MarkObjects: 4.980100 ms  DeleteObjects: 0.205000 ms)

Prepare: number of updated asset objects reloaded= 0
========================================================================
Received Prepare
Refreshing native plugins compatible for Editor in 0.00 ms, found 0 plugins.
Preloading 0 native plugins for Editor in 0.00 ms.
Unloading 4 Unused Serialized files (Serialized files now loaded: 0)
Unloading 521 unused Assets / (346.3 KB). Loaded Objects now: 1162.
Memory consumption went from 72.8 MB to 72.5 MB.
Total: 5.798500 ms (FindLiveObjects: 0.106700 ms CreateObjectMapping: 0.036700 ms MarkObjects: 5.407200 ms  DeleteObjects: 0.246600 ms)

Prepare: number of updated asset objects reloaded= 0
========================================================================
Received Import Request.
  Time since last request: 1406.994977 seconds.
  path: Assets/Scripts/Managers/EnemyManager.cs
  artifactKey: Guid(76a99222b1e4a384e923ac7e86efc709) Importer(815301076,1909f56bfc062723c751e8b465ee728b)
Start importing Assets/Scripts/Managers/EnemyManager.cs using Guid(76a99222b1e4a384e923ac7e86efc709) Importer(815301076,1909f56bfc062723c751e8b465ee728b) (PreviewImporter) -> (artifact id: '213030975280ae90dd8f3ef979327994') in 0.0465373 seconds
Number of updated asset objects reloaded before import = 0Number of asset objects unloaded after import = 0

========================================================================
Received Prepare
Refreshing native plugins compatible for Editor in 0.00 ms, found 0 plugins.
Preloading 0 native plugins for Editor in 0.00 ms.
Unloading 4 Unused Serialized files (Serialized files now loaded: 0)
Unloading 521 unused Assets / (340.5 KB). Loaded Objects now: 1162.
Memory consumption went from 72.8 MB to 72.4 MB.
Total: 5.822500 ms (FindLiveObjects: 0.137000 ms CreateObjectMapping: 0.040300 ms MarkObjects: 5.419100 ms  DeleteObjects: 0.224100 ms)

Prepare: number of updated asset objects reloaded= 0
========================================================================
Received Import Request.
  Time since last request: 27.556506 seconds.
  path: Assets/Scripts/Services/JsonSaveSystem.cs
  artifactKey: Guid(2d3c6b299e8cabf4fab70648903ce05a) Importer(815301076,1909f56bfc062723c751e8b465ee728b)
Start importing Assets/Scripts/Services/JsonSaveSystem.cs using Guid(2d3c6b299e8cabf4fab70648903ce05a) Importer(815301076,1909f56bfc062723c751e8b465ee728b) (PreviewImporter) -> (artifact id: '952052953a826eb2f6acd9db3b55ee64') in 0.0028721 seconds
Number of updated asset objects reloaded before import = 0Number of asset objects unloaded after import = 0

========================================================================
Received Prepare
Refreshing native plugins compatible for Editor in 0.00 ms, found 0 plugins.
Preloading 0 native plugins for Editor in 0.00 ms.
Unloading 4 Unused Serialized files (Serialized files now loaded: 0)
Unloading 521 unused Assets / (338.1 KB). Loaded Objects now: 1162.
Memory consumption went from 72.8 MB to 72.4 MB.
Total: 7.456500 ms (FindLiveObjects: 0.127600 ms CreateObjectMapping: 0.032100 ms MarkObjects: 7.075400 ms  DeleteObjects: 0.220300 ms)

Prepare: number of updated asset objects reloaded= 0
========================================================================
Received Prepare
Refreshing native plugins compatible for Editor in 0.00 ms, found 0 plugins.
Preloading 0 native plugins for Editor in 0.00 ms.
Unloading 4 Unused Serialized files (Serialized files now loaded: 0)
Unloading 521 unused Assets / (336.8 KB). Loaded Objects now: 1162.
Memory consumption went from 72.8 MB to 72.4 MB.
Total: 5.416400 ms (FindLiveObjects: 0.088100 ms CreateObjectMapping: 0.023000 ms MarkObjects: 5.083600 ms  DeleteObjects: 0.220700 ms)

Prepare: number of updated asset objects reloaded= 0
========================================================================
Received Prepare
Begin MonoManager ReloadAssembly
[Licensing::Client] Successfully resolved entitlement details
- Loaded All Assemblies, in  0.392 seconds
Refreshing native plugins compatible for Editor in 0.00 ms, found 0 plugins.
Native extension for Android target not found
Native extension for UWP target not found
Native extension for WindowsStandalone target not found
Native extension for WebGL target not found
ScheduleIndexationOnStartup MainProcess:False IndexOnStartup:True
Mono: successfully reloaded assembly
- Finished resetting the current domain, in  0.448 seconds
Domain Reload Profiling: 841ms
	BeginReloadAssembly (287ms)
		ExecutionOrderSort (0ms)
		DisableScriptedObjects (17ms)
		BackupInstance (0ms)
		ReleaseScriptingObjects (0ms)
		CreateAndSetChildDomain (57ms)
	RebuildCommonClasses (38ms)
	RebuildNativeTypeToScriptingClass (13ms)
	initialDomainReloadingComplete (18ms)
	LoadAllAssembliesAndSetupDomain (36ms)
		LoadAssemblies (173ms)
		RebuildTransferFunctionScriptingTraits (0ms)
		AnalyzeDomain (23ms)
			TypeCache.Refresh (8ms)
				TypeCache.ScanAssembly (2ms)
			BuildScriptInfoCaches (9ms)
			ResolveRequiredComponents (2ms)
	FinalizeReload (449ms)
		ReleaseScriptCaches (0ms)
		RebuildScriptCaches (0ms)
		SetupLoadedEditorAssemblies (339ms)
			LogAssemblyErrors (0ms)
			InitializePlatformSupportModulesInManaged (23ms)
			SetLoadedEditorAssemblies (7ms)
			BeforeProcessingInitializeOnLoad (125ms)
			ProcessInitializeOnLoadAttributes (139ms)
			ProcessInitializeOnLoadMethodAttributes (43ms)
			AfterProcessingInitializeOnLoad (2ms)
			EditorAssembliesLoaded (0ms)
		ExecutionOrderSort2 (0ms)
		AwakeInstancesAfterBackupRestoration (6ms)
Refreshing native plugins compatible for Editor in 0.00 ms, found 0 plugins.
Preloading 0 native plugins for Editor in 0.00 ms.
Unloading 4 Unused Serialized files (Serialized files now loaded: 0)
Unloading 521 unused Assets / (284.8 KB). Loaded Objects now: 1162.
Memory consumption went from 72.5 MB to 72.2 MB.
Total: 4.840800 ms (FindLiveObjects: 0.153500 ms CreateObjectMapping: 0.026600 ms MarkObjects: 4.460700 ms  DeleteObjects: 0.198200 ms)

Prepare: number of updated asset objects reloaded= 0
========================================================================
Received Import Request.
  Time since last request: 78.766371 seconds.
  path: Assets/Scripts/Managers/MainMenuManager.cs
  artifactKey: Guid(19cc3e7834eed3c4f98985574ec5162f) Importer(815301076,1909f56bfc062723c751e8b465ee728b)
Start importing Assets/Scripts/Managers/MainMenuManager.cs using Guid(19cc3e7834eed3c4f98985574ec5162f) Importer(815301076,1909f56bfc062723c751e8b465ee728b) (PreviewImporter) -> (artifact id: '08b7b67cf898a66f19d8a04c6490c4d6') in 0.0070967 seconds
Number of updated asset objects reloaded before import = 0Number of asset objects unloaded after import = 0

========================================================================
Received Import Request.
  Time since last request: 1701.863496 seconds.
  path: Assets/Scenes/MainMenu.unity
  artifactKey: Guid(8c316725e2d5b9f47881a9ad68ee5233) Importer(2089858483,b0f066a214c2f5e87bad3c948f4d605d)
Start importing Assets/Scenes/MainMenu.unity using Guid(8c316725e2d5b9f47881a9ad68ee5233) Importer(2089858483,b0f066a214c2f5e87bad3c948f4d605d) (ScriptedImporter) -> (artifact id: 'dc3bba1acf8ef38484b1dfa00fea9e98') in 0.0620645 seconds
Number of updated asset objects reloaded before import = 0Number of asset objects unloaded after import = 1

========================================================================
Received Import Request.
  Time since last request: 160.546263 seconds.
  path: Assets/Prefabs/HitParticles.prefab
  artifactKey: Guid(ef39ae7291c751249b296f00bf6fb042) Importer(815301076,1909f56bfc062723c751e8b465ee728b)
Start importing Assets/Prefabs/HitParticles.prefab using Guid(ef39ae7291c751249b296f00bf6fb042) Importer(815301076,1909f56bfc062723c751e8b465ee728b) (PreviewImporter) -> (artifact id: '37ac15487aca708ad6c218c68bab7de2') in 0.1889268 seconds
Number of updated asset objects reloaded before import = 0Number of asset objects unloaded after import = 8

========================================================================
Received Import Request.
  Time since last request: 0.000041 seconds.
  path: Assets/Prefabs/Player.prefab
  artifactKey: Guid(5c4d84eac7544b848bd840390376bad1) Importer(815301076,1909f56bfc062723c751e8b465ee728b)
Start importing Assets/Prefabs/Player.prefab using Guid(5c4d84eac7544b848bd840390376bad1) Importer(815301076,1909f56bfc062723c751e8b465ee728b) (PreviewImporter)Refreshing native plugins compatible for Editor in 0.01 ms, found 0 plugins.
Preloading 0 native plugins for Editor in 0.00 ms.
Refreshing native plugins compatible for Editor in 0.00 ms, found 0 plugins.
Preloading 0 native plugins for Editor in 0.00 ms.
 -> (artifact id: '33c34bbb4a51746d5b2aab2f35353a1b') in 0.0772281 seconds
Number of updated asset objects reloaded before import = 0Number of asset objects unloaded after import = 75

========================================================================
Received Import Request.
  Time since last request: 0.000030 seconds.
  path: Assets/Prefabs/Zombear.prefab
  artifactKey: Guid(c077a7cccdc740c4582b9ac366679692) Importer(815301076,1909f56bfc062723c751e8b465ee728b)
Start importing Assets/Prefabs/Zombear.prefab using Guid(c077a7cccdc740c4582b9ac366679692) Importer(815301076,1909f56bfc062723c751e8b465ee728b) (PreviewImporter)Refreshing native plugins compatible for Editor in 0.00 ms, found 0 plugins.
Preloading 0 native plugins for Editor in 0.00 ms.
Refreshing native plugins compatible for Editor in 0.00 ms, found 0 plugins.
Preloading 0 native plugins for Editor in 0.00 ms.
 -> (artifact id: 'e9dfe32d34f5a4cb7094734a0d053640') in 0.0704707 seconds
Number of updated asset objects reloaded before import = 0Number of asset objects unloaded after import = 65

========================================================================
Received Import Request.
  Time since last request: 90.057538 seconds.
  path: Assets/Models/Environment/Bat.fbx
  artifactKey: Guid(9f185e9167e4f99489912e1b6d9899bf) Importer(815301076,1909f56bfc062723c751e8b465ee728b)
Start importing Assets/Models/Environment/Bat.fbx using Guid(9f185e9167e4f99489912e1b6d9899bf) Importer(815301076,1909f56bfc062723c751e8b465ee728b) (PreviewImporter) -> (artifact id: '6a99f5d92c6905bd08b4fb52b1ef889a') in 0.1998397 seconds
Number of updated asset objects reloaded before import = 0Number of asset objects unloaded after import = 14

========================================================================
Received Import Request.
  Time since last request: 0.000023 seconds.
  path: Assets/Models/Environment/Firetruck.fbx
  artifactKey: Guid(66756304be5ae4545bcbdef9ff1489b2) Importer(815301076,1909f56bfc062723c751e8b465ee728b)
Start importing Assets/Models/Environment/Firetruck.fbx using Guid(66756304be5ae4545bcbdef9ff1489b2) Importer(815301076,1909f56bfc062723c751e8b465ee728b) (PreviewImporter) -> (artifact id: '2affc54d4da349fa12fc961e41942044') in 0.0239274 seconds
Number of updated asset objects reloaded before import = 0Number of asset objects unloaded after import = 14

========================================================================
Received Import Request.
  Time since last request: 0.000027 seconds.
  path: Assets/Models/Environment/Drawers.fbx
  artifactKey: Guid(a6ec141e423c0ef46a377ffd284c2e2a) Importer(815301076,1909f56bfc062723c751e8b465ee728b)
Start importing Assets/Models/Environment/Drawers.fbx using Guid(a6ec141e423c0ef46a377ffd284c2e2a) Importer(815301076,1909f56bfc062723c751e8b465ee728b) (PreviewImporter) -> (artifact id: 'f7e7486636a0008378d2849095868ce2') in 0.0240998 seconds
Number of updated asset objects reloaded before import = 0Number of asset objects unloaded after import = 14

========================================================================
Received Import Request.
  Time since last request: 0.000019 seconds.
  path: Assets/Models/Environment/Floor.fbx
  artifactKey: Guid(bd3a7a773fe02354da0a4d8dbabd8cbb) Importer(815301076,1909f56bfc062723c751e8b465ee728b)
Start importing Assets/Models/Environment/Floor.fbx using Guid(bd3a7a773fe02354da0a4d8dbabd8cbb) Importer(815301076,1909f56bfc062723c751e8b465ee728b) (PreviewImporter) -> (artifact id: '19a5069d7dbb37244f54331c6fead9c4') in 0.0485623 seconds
Number of updated asset objects reloaded before import = 0Number of asset objects unloaded after import = 26

========================================================================
Received Import Request.
  Time since last request: 0.000024 seconds.
  path: Assets/Models/Environment/Hearse.FBX
  artifactKey: Guid(83c124e5c28d49149a336502dc0e1e2d) Importer(815301076,1909f56bfc062723c751e8b465ee728b)
Start importing Assets/Models/Environment/Hearse.FBX using Guid(83c124e5c28d49149a336502dc0e1e2d) Importer(815301076,1909f56bfc062723c751e8b465ee728b) (PreviewImporter) -> (artifact id: '5be13e577cec87c51a770491f7d00945') in 0.0248414 seconds
Number of updated asset objects reloaded before import = 0Number of asset objects unloaded after import = 14

========================================================================
Received Import Request.
  Time since last request: 0.000020 seconds.
  path: Assets/Models/Environment/DollArm.FBX
  artifactKey: Guid(121b3e7b2d66aca4fa4d229a6d434b89) Importer(815301076,1909f56bfc062723c751e8b465ee728b)
Start importing Assets/Models/Environment/DollArm.FBX using Guid(121b3e7b2d66aca4fa4d229a6d434b89) Importer(815301076,1909f56bfc062723c751e8b465ee728b) (PreviewImporter) -> (artifact id: 'eb8eaf7d25ee94a3ce089b9be7116259') in 0.0871237 seconds
Number of updated asset objects reloaded before import = 0Number of asset objects unloaded after import = 13

========================================================================
Received Import Request.
  Time since last request: 0.848887 seconds.
  path: Assets/Models/Environment/Robot.FBX
  artifactKey: Guid(37838039cb488d24ca9c078c2e1ef1b1) Importer(815301076,1909f56bfc062723c751e8b465ee728b)
Start importing Assets/Models/Environment/Robot.FBX using Guid(37838039cb488d24ca9c078c2e1ef1b1) Importer(815301076,1909f56bfc062723c751e8b465ee728b) (PreviewImporter) -> (artifact id: 'cc733484dc4ce2b71585ab99f7191845') in 0.0222526 seconds
Number of updated asset objects reloaded before import = 0Number of asset objects unloaded after import = 14

========================================================================
Received Import Request.
  Time since last request: 0.000019 seconds.
  path: Assets/Models/Environment/SpinningTop.fbx
  artifactKey: Guid(f3ae2f327b1ccba488153e136bd96969) Importer(815301076,1909f56bfc062723c751e8b465ee728b)
Start importing Assets/Models/Environment/SpinningTop.fbx using Guid(f3ae2f327b1ccba488153e136bd96969) Importer(815301076,1909f56bfc062723c751e8b465ee728b) (PreviewImporter) -> (artifact id: 'a823c38736b9694aad251ccb0c86849c') in 0.0227257 seconds
Number of updated asset objects reloaded before import = 0Number of asset objects unloaded after import = 13

========================================================================
Received Import Request.
  Time since last request: 0.000017 seconds.
  path: Assets/Models/Characters/ZomBear.fbx
  artifactKey: Guid(c236aa7ad6dcabe47abc7d2cf903ae71) Importer(815301076,1909f56bfc062723c751e8b465ee728b)
Start importing Assets/Models/Characters/ZomBear.fbx using Guid(c236aa7ad6dcabe47abc7d2cf903ae71) Importer(815301076,1909f56bfc062723c751e8b465ee728b) (PreviewImporter) -> (artifact id: 'b21d0a1a93e5ebc6e7a1d61726eb3435') in 0.0290256 seconds
Number of updated asset objects reloaded before import = 0Number of asset objects unloaded after import = 17

========================================================================
Received Import Request.
  Time since last request: 0.000018 seconds.
  path: Assets/Models/Environment/Train.fbx
  artifactKey: Guid(ffdb71bb9ac69ca4487008cff817971f) Importer(815301076,1909f56bfc062723c751e8b465ee728b)
Start importing Assets/Models/Environment/Train.fbx using Guid(ffdb71bb9ac69ca4487008cff817971f) Importer(815301076,1909f56bfc062723c751e8b465ee728b) (PreviewImporter) -> (artifact id: 'bf71d682cd068ab54330a762219f9591') in 0.0219936 seconds
Number of updated asset objects reloaded before import = 0Number of asset objects unloaded after import = 13

========================================================================
Received Import Request.
  Time since last request: 0.000019 seconds.
  path: Assets/Models/Environment/Stool.FBX
  artifactKey: Guid(29339104c7d69b346a4f1585f2be81d8) Importer(815301076,1909f56bfc062723c751e8b465ee728b)
Start importing Assets/Models/Environment/Stool.FBX using Guid(29339104c7d69b346a4f1585f2be81d8) Importer(815301076,1909f56bfc062723c751e8b465ee728b) (PreviewImporter) -> (artifact id: 'f5324f67de857510bb704087220bb391') in 0.0228276 seconds
Number of updated asset objects reloaded before import = 0Number of asset objects unloaded after import = 14

Editor requested this worker to shutdown with reason: Scaling down because of idle timeout
AssetImportWorker is now disconnected from the server
Process exiting
Exiting without the bug reporter. Application will terminate with return code 0